---
source: crates/asset-mapper-core/tests/bundle.rs
expression: bundle_json
---
{
  "assets": [
    {
      "affordances": [
        "walkable"
      ],
      "asset_id": "corridor_a",
      "asset_type": "model3d",
      "connectors": [
        {
          "class": "corridor_end",
          "connector_id": "front",
          "display_name": "Front End",
          "role": "symmetric"
        }
      ],
      "dimensions": [
        2.0,
        2.0,
        2.0
      ],
      "display_name": "Corridor Segment A",
      "placement_constraints": [
        "upright_only"
      ],
      "semantic_tags": [
        "corridor",
        "wall",
        "floor"
      ]
    },
    {
      "affordances": [
        "walkable"
      ],
      "asset_id": "corridor_b",
      "asset_type": "model3d",
      "connectors": [
        {
          "class": "corridor_end",
          "connector_id": "back",
          "display_name": "Back End",
          "role": "symmetric"
        }
      ],
      "dimensions": [
        2.0,
        2.0,
        2.0
      ],
      "display_name": "Corridor Segment B",
      "placement_constraints": [
        "upright_only"
      ],
      "semantic_tags": [
        "corridor",
        "wall",
        "floor"
      ]
    }
  ],
  "compatibility_rules": [
    {
      "a_class": "corridor_end",
      "b_class": "corridor_end",
      "rotation": {
        "kind": "locked"
      }
    }
  ],
  "display_name": "Phase 0 Corridor Fixture",
  "how_to_plan": "Build an AssemblyPlan JSON: set root_asset_id to a pack asset_id, then list operations. Each operation mates placed_asset_id.placed_connector_id onto an already-placed anchor_asset_id.anchor_connector_id (root counts as placed). Connector classes must match a compatibility_rules pair (order-independent). rotation_choice_deg must be allowed by the rule (null/0 when locked). Never invent asset_id or connector_id values — only use ids from this bundle. Call resolve with the pack + plan to get world transforms; on failure read the error code and fix_target (fix_pack vs fix_plan). Unique assets only per plan: for tile floors place multiple instances outside Keystone (same asset_id cannot appear twice in one resolve). Prefer glTF/GLB sources for mesh-aware auto-map.",
  "license_summary": "MIT OR Apache-2.0 — test fixture",
  "pack_id": "phase0_corridor",
  "plan_contract": {
    "notes": [
      "Each asset_id may appear at most once per resolved plan.",
      "Connectors are referenced by connector_id only (no raw transforms in plans).",
      "Use face_size when present to pair similarly sized openings."
    ],
    "operation_fields": [
      "placed_asset_id",
      "placed_connector_id",
      "anchor_asset_id",
      "anchor_connector_id",
      "rotation_choice_deg"
    ],
    "operations_field": "operations",
    "root_field": "root_asset_id"
  },
  "provenance": {
    "notes": "Phase fixture pack",
    "source": "fixtures"
  },
  "vocabulary": {
    "affordances": [
      "block_movement",
      "climbable",
      "interactable",
      "light_source",
      "openable",
      "provide_cover",
      "sittable",
      "walkable"
    ],
    "allow_namespaced_extensions": true,
    "placement_constraints": [
      "ceiling_mounted",
      "grounded",
      "indoor_only",
      "outdoor_only",
      "requires_floor",
      "requires_wall",
      "upright_only",
      "wall_mounted"
    ],
    "semantic_tags": [
      "wall",
      "floor",
      "corner",
      "door",
      "window",
      "walkable",
      "cover",
      "decorative",
      "hazard",
      "lootable",
      "entry",
      "exit",
      "corridor",
      "roof",
      "prop"
    ]
  }
}
